---
source: spade-tests/src/ast_lowering.rs
---
trait T {}
impl T for _ {}


error: Impl target is not a named type
  ┌─ testinput:2:12
  │
2 │ impl T for _ {}
  │            ^ Not a named type
