---
source: spade-tests/src/ast_lowering.rs
---
#[uwu]
entity a() -> bool {true}


error: Unrecognised attribute
  ┌─ testinput:1:1
  │
1 │ #[uwu]
  │ ^^^^^^ Unrecognised attribute


